// Jest Snapshot v1, https://goo.gl/fbAQLP

exports[`getXValues returns timestamp values for the x axis 1`] = `
Array [
  1646164800000,
  1646168400000,
  1646172000000,
  1646175600000,
  1646179200000,
  1646182800000,
  1646186400000,
  1646190000000,
  1646193600000,
  1646197200000,
  1646200800000,
  1646204400000,
  1646208000000,
  1646211600000,
  1646215200000,
  1646218800000,
  1646222400000,
  1646226000000,
  1646229600000,
  1646233200000,
  1646236800000,
  1646240400000,
  1646244000000,
  1646247600000,
  1646251200000,
]
`;

exports[`getYValues fills in null values when missing some values at the beginning 1`] = `
Array [
  null,
  null,
  null,
  null,
  null,
  null,
  null,
  null,
  null,
  null,
  null,
  null,
  0,
  1,
  2,
  3,
  4,
  5,
  6,
  7,
  8,
  9,
  10,
  11,
  12,
]
`;

exports[`getYValues fills in null values when missing some values at the end 1`] = `
Array [
  0,
  1,
  2,
  3,
  4,
  5,
  6,
  7,
  8,
  9,
  10,
  11,
  12,
  null,
  null,
  null,
  null,
  null,
  null,
  null,
  null,
  null,
  null,
  null,
  null,
]
`;

exports[`getYValues fills in null values when missing some values in the middle 1`] = `
Array [
  null,
  null,
  null,
  null,
  null,
  null,
  0,
  1,
  2,
  3,
  4,
  5,
  6,
  7,
  8,
  9,
  10,
  11,
  12,
  null,
  null,
  null,
  null,
  null,
  null,
]
`;

exports[`getYValues fills in null values when there are no values 1`] = `
Array [
  null,
  null,
  null,
  null,
  null,
  null,
  null,
  null,
  null,
  null,
  null,
  null,
  null,
  null,
  null,
  null,
  null,
  null,
  null,
  null,
  null,
  null,
  null,
  null,
  null,
]
`;

exports[`getYValues uses the specified values if they have no missing timestamps 1`] = `
Array [
  0,
  1,
  2,
  3,
  4,
  5,
  6,
  7,
  8,
  9,
  10,
  11,
  12,
  13,
  14,
  15,
  16,
  17,
  18,
  19,
  20,
  21,
  22,
  23,
  24,
]
`;
